[chisc.club/index.html]
[backblue.gif]
[fade.gif]
[index.html]
[chisc.club/atom.xml]
[chisc.club/img/favicon.png]
[chisc.club/css/diaspora.css]
[chisc.club/img/logo.png]
[chisc.club/famous/index.html]
[chisc.club/介紹/index.html]
[chisc.club/result/index.html]
[chisc.club/about/index.html]
[chisc.club/cdn-cgi/l/email-protection.html]
[chisc.club/img/welcome-cover.jpg]
[chisc.club/img/cover.jpg]
[chisc.club/2021/09/22/C語言培訓講義-by周昀軒/index.html]
[chisc.club/2021/09/22/Java新手教學by楊其穎/index.html]
[chisc.club/cdn-cgi/scripts/5c5dd728/cloudflare-static/email-decode.min.js]
[chisc.club/js/plugin.js]
[chisc.club/2021/09/17/APCS培訓講義整理-by-2nd-榮譽幹部：劉力偉-社長/index.html]
[chisc.club/2021/09/17/Python-by-2nd-教學/index.html]
[chisc.club/js/typed.js]
[chisc.club/js/diaspora.js]
[chisc.club/photoswipe/photoswipe.css]
[chisc.club/photoswipe/default-skin/default-skin.css]
[chisc.club/photoswipe/photoswipe.min.js]
[chisc.club/photoswipe/photoswipe-ui-default.min.js]
[chisc.club/index.html]
[chisc.club/atom.html]
[chisc.club/css/diaspora.css]
[chisc.club/介紹/atom.xml]
[chisc.club/介紹/index.html]
[chisc.club/famous/atom.xml]
[chisc.club/famous/index.html]
[chisc.club/result/atom.xml]
[chisc.club/result/index.html]
[chisc.club/about/atom.xml]
[chisc.club/about/index.html]
[chisc.club/cdn-cgi/l/email-protection.html]
[chisc.club/2021/09/22/Java新手教學by楊其穎/atom.xml]
[chisc.club/2021/09/22/Java新手教學by楊其穎/index.html]
[chisc.club/2021/09/22/C語言培訓講義-by周昀軒/atom.xml]
[chisc.club/2021/09/22/C語言培訓講義-by周昀軒/index.html]
[chisc.club/2021/09/17/Python-by-2nd-教學/atom.xml]
[chisc.club/2021/09/17/Python-by-2nd-教學/index.html]
[chisc.club/tags/3rd/index.html]
[chisc.club/tags/python/index.html]
[chisc.club/2021/09/17/APCS培訓講義整理-by-2nd-榮譽幹部：劉力偉-社長/atom.xml]
[chisc.club/2021/09/17/APCS培訓講義整理-by-2nd-榮譽幹部：劉力偉-社長/index.html]
[chisc.club/photoswipe/photoswipe.css]
[chisc.club/tags/APCS/index.html]
[chisc.club/photoswipe/default-skin/default-skin.png]
[chisc.club/photoswipe/default-skin/default-skin.svg]
[chisc.club/photoswipe/default-skin/preloader.gif]
[chisc.club/photoswipe/default-skin/default-skin.css]
[chisc.club/介紹/atom.html]
[chisc.club/famous/atom.html]
[chisc.club/result/atom.html]
[chisc.club/about/atom.html]
[chisc.club/2021/09/22/Java新手教學by楊其穎/atom.html]
[chisc.club/2021/09/22/C語言培訓講義-by周昀軒/atom.html]
[chisc.club/tags/3rd/atom.xml]
[chisc.club/tags/3rd/index.html]
[chisc.club/2021/09/17/Python-by-2nd-教學/atom.html]
[chisc.club/tags/python/atom.xml]
[chisc.club/tags/python/index.html]
[chisc.club/2021/09/17/APCS培訓講義整理-by-2nd-榮譽幹部：劉力偉-社長/atom.html]
[chisc.club/tags/APCS/atom.xml]
[chisc.club/tags/APCS/index.html]
[chisc.club/photoswipe/default-skin/default-skin.svg]
[chisc.club/tags/3rd/atom.html]
[chisc.club/tags/python/atom.html]
[chisc.club/tags/APCS/atom.html]
